En el 1h 50 minutos está una explicacion desde cero.

Comandos
git add mi_primer_programa.py     

git commit -m 'Mi primer programa'

PS C:\Users\Martina\Desktop\ClaudioPython\ProgramasPrueba\Git-GitHub> git push -u origin master
Enumerating objects: 5, done.
Counting objects: 100% (5/5), done.
Writing objects: 100% (3/3), 294 bytes | 147.00 KiB/s, done.
Total 3 (delta 0), reused 0 (delta 0), pack-reused 0
To https://github.com/cgianolli/Prueba_GIt_GitHub.git
   a6ede2d..4cee517  master -> master
branch 'master' set up to track 'origin/master'.
PS C:\Users\Martina\Desktop\ClaudioPython\ProgramasPrueba\Git-GitHub> git branch
* master

OJO..
PS C:\Users\Martina\Desktop\ClaudioPython\ProgramasPrueba\Git-GitHub> git status
On branch master
Your branch is up to date with 'origin/master'.

Untracked files:
  (use "git add <file>..." to include in what will be committed)
        Notas.txt

nothing added to commit but untracked files present (use "git add" to track)


PS C:\Users\Martina\Desktop\ClaudioPython\ProgramasPrueba\Git-GitHub> git branch NuevaRama
PS C:\Users\Martina\Desktop\ClaudioPython\ProgramasPrueba\Git-GitHub> git branch
  NuevaRama
* master

PS C:\Users\Martina\Desktop\ClaudioPython\ProgramasPrueba\Git-GitHub> git checkout NuevaRama
Switched to branch 'NuevaRama'

PS C:\Users\Martina\Desktop\ClaudioPython\ProgramasPrueba\Git-GitHub> git add .
PS C:\Users\Martina\Desktop\ClaudioPython\ProgramasPrueba\Git-GitHub> git commit -m 'Probando NuevaRama'
[NuevaRama 505ae3f] Probando NuevaRama
 2 files changed, 27 insertions(+)
 create mode 100644 Notas.txt
 create mode 100644 mi_primer_branch.py
PS C:\Users\Martina\Desktop\ClaudioPython\ProgramasPrueba\Git-GitHub> git status
On branch NuevaRama
nothing to commit, working tree clean

PS C:\Users\Martina\Desktop\ClaudioPython\ProgramasPrueba\Git-GitHub> git push origin NuevaRama 
Enumerating objects: 5, done.
Counting objects: 100% (5/5), done.
Delta compression using up to 4 threads
Compressing objects: 100% (3/3), done.
Writing objects: 100% (4/4), 811 bytes | 202.00 KiB/s, done.
Total 4 (delta 0), reused 0 (delta 0), pack-reused 0
remote: 
remote: Create a pull request for 'NuevaRama' on GitHub by visiting:
remote:      https://github.com/cgianolli/Prueba_GIt_GitHub/pull/new/NuevaRama
remote:
To https://github.com/cgianolli/Prueba_GIt_GitHub.git
 * [new branch]      NuevaRama -> NuevaRama


Al arrancar el día, deberíamos hacer un "pull" para traernos los cambios del master de gitHub
git pull origin master

Luego combino los cambios del master con mi rama
git merge master

PS C:\Users\Martina\Desktop\ClaudioPython\ProgramasPrueba\Git-GitHub> git merge master
Already up to date.

PS C:\Users\Martina\Desktop\ClaudioPython\ProgramasPrueba\Git-GitHub> git status
On branch NuevaRama
Changes not staged for commit:
  (use "git add <file>..." to update what will be committed)
  (use "git restore <file>..." to discard changes in working directory)
        modified:   Notas.txt  **Porque cambié este archivo**

no changes added to commit (use "git add" and/or "git commit -a")
PS C:\Users\Martina\Desktop\ClaudioPython\ProgramasPrueba\Git-GitHub>